holdout span 2026-02-15 → 2026-09-08, 85,396 rows

floor 0.5: n 2814 exp 0.0231 CI95 [-0.0229, 0.0693] t 0.99
  symbols +/total 15/35 | top BCHUSDT share 0.92 | both-sides candles 0
  quarters: {'2026Q1': {'sum': 73.92, 'n': 590}, '2026Q2': {'sum': -82.28, 'n': 1466}, '2026Q3': {'sum': 73.24, 'n': 758}}
  sequential: {'trades': 665, 'expectancy_atr': -0.0743, 'pf': 0.883, 'win_rate': 0.3985}

floor 0.55: n 586 exp 0.0612 CI95 [-0.0347, 0.1523] t 1.21
  symbols +/total 13/35 | top BCHUSDT share 0.93 | both-sides candles 0
  quarters: {'2026Q1': {'sum': 0.33, 'n': 82}, '2026Q2': {'sum': -0.26, 'n': 358}, '2026Q3': {'sum': 35.81, 'n': 146}}
  sequential: {'trades': 211, 'expectancy_atr': -0.0286, 'pf': 0.953, 'win_rate': 0.4076}

floor 0.6: n 151 exp 0.162 CI95 [-0.0252, 0.3576] t 1.63
  symbols +/total 13/23 | top BCHUSDT share 0.67 | both-sides candles 0
  quarters: {'2026Q1': {'sum': -0.25, 'n': 12}, '2026Q2': {'sum': 13.91, 'n': 111}, '2026Q3': {'sum': 10.8, 'n': 28}}
  sequential: {'trades': 60, 'expectancy_atr': -0.1141, 'pf': 0.818, 'win_rate': 0.3833}

null (label circular shift, 20 refits) — does the declared gate PASS by chance?
  null  0: PASS=False best exp(n>=30)=-0.1295 cells=[(0.5, 304, -0.1295), (0.55, 54, -0.2128), (0.6, 6, -0.6077), (0.65, 3, -1.023), (0.7, 2, -1.0225)]
  null  1: PASS=False best exp(n>=30)=-0.1749 cells=[(0.5, 1180, -0.2207), (0.55, 166, -0.1749), (0.6, 30, -0.4298), (0.65, 6, -0.6836), (0.7, 0, None)]
  null  2: PASS=False best exp(n>=30)=-0.1257 cells=[(0.5, 400, -0.1257), (0.55, 36, -0.1851), (0.6, 2, -0.5597), (0.65, 0, None), (0.7, 0, None)]
  null  3: PASS=False best exp(n>=30)=-0.0251 cells=[(0.5, 1258, -0.0303), (0.55, 232, -0.1159), (0.6, 67, -0.0251), (0.65, 15, 0.3456), (0.7, 4, 0.5157)]
  null  4: PASS=False best exp(n>=30)=-0.1375 cells=[(0.5, 853, -0.1375), (0.55, 210, -0.2387), (0.6, 65, -0.1437), (0.65, 15, -0.2033), (0.7, 1, -1.0292)]
  null  5: PASS=False best exp(n>=30)=-0.3362 cells=[(0.5, 773, -0.3362), (0.55, 118, -0.7296), (0.6, 13, -0.9779), (0.65, 1, -1.0264), (0.7, 0, None)]
  null  6: PASS=True best exp(n>=30)=0.3452 cells=[(0.5, 645, 0.1087), (0.55, 117, 0.3452), (0.6, 25, 0.7858), (0.65, 0, None), (0.7, 0, None)]
  null  7: PASS=True best exp(n>=30)=0.2426 cells=[(0.5, 1091, 0.1577), (0.55, 167, 0.2426), (0.6, 19, 0.1284), (0.65, 2, 0.2378), (0.7, 0, None)]
  null  8: PASS=True best exp(n>=30)=0.3063 cells=[(0.5, 534, -0.0268), (0.55, 96, 0.3063), (0.6, 9, 0.4748), (0.65, 0, None), (0.7, 0, None)]
  null  9: PASS=False best exp(n>=30)=-0.0154 cells=[(0.5, 627, -0.0904), (0.55, 104, -0.0154), (0.6, 17, 0.8938), (0.65, 12, 1.49), (0.7, 5, 1.49)]
  null 10: PASS=False best exp(n>=30)=-0.0706 cells=[(0.5, 377, -0.0706), (0.55, 49, -0.2535), (0.6, 5, -0.3416), (0.65, 0, None), (0.7, 0, None)]
  null 11: PASS=True best exp(n>=30)=0.0653 cells=[(0.5, 804, -0.0445), (0.55, 139, 0.0653), (0.6, 23, -0.1154), (0.65, 0, None), (0.7, 0, None)]
  null 12: PASS=False best exp(n>=30)=-0.283 cells=[(0.5, 1061, -0.283), (0.55, 188, -0.6193), (0.6, 17, -0.7347), (0.65, 0, None), (0.7, 0, None)]
  null 13: PASS=True best exp(n>=30)=0.0673 cells=[(0.5, 675, 0.022), (0.55, 113, 0.0673), (0.6, 17, -0.099), (0.65, 2, -1.0393), (0.7, 0, None)]
  null 14: PASS=False best exp(n>=30)=-0.1439 cells=[(0.5, 447, -0.1439), (0.55, 56, -0.1547), (0.6, 8, 0.178), (0.65, 1, 1.4806), (0.7, 0, None)]
  null 15: PASS=True best exp(n>=30)=0.1536 cells=[(0.5, 748, 0.0402), (0.55, 184, 0.1536), (0.6, 56, 0.0398), (0.65, 20, -0.3876), (0.7, 6, 0.3223)]
  null 16: PASS=False best exp(n>=30)=-0.1616 cells=[(0.5, 1699, -0.1616), (0.55, 248, -0.1987), (0.6, 16, 0.2568), (0.65, 1, 1.4545), (0.7, 0, None)]
  null 17: PASS=True best exp(n>=30)=0.2833 cells=[(0.5, 542, -0.0475), (0.55, 146, -0.0711), (0.6, 35, 0.2833), (0.65, 0, None), (0.7, 0, None)]
  null 18: PASS=False best exp(n>=30)=-0.153 cells=[(0.5, 1122, -0.153), (0.55, 316, -0.18), (0.6, 141, -0.3289), (0.65, 64, -0.2822), (0.7, 18, -0.4525)]
  null 19: PASS=False best exp(n>=30)=-0.1148 cells=[(0.5, 857, -0.2063), (0.55, 165, -0.1214), (0.6, 31, -0.1148), (0.65, 1, -1.0297), (0.7, 0, None)]

NULL: declared gate PASSED in 7/20 shuffled refits
